Microchip MPLAB XC8 Compiler V3.00

Linker command line:

-W-3 \
  --edf=/home/magui/.mchp_packs/Microchip/PIC16Fxxx_DFP/1.7.162/xc8/pic/dat/20250326211330_en.msgs \
  -cn -h+Simon_default_default.sym --cmf=Simon_default_default.cmf -z \
  -Q16F84A -o/tmp/xcXGldOGA/driver_tmp_3.o --defsym=__MPLAB_BUILD=1 \
  --fixupoverflow=error -Mmem.map --md=/tmp/xcXGldOGA/driver_tmp_0.dat -E1 \
  -ver=XC8 Compiler -ACODE=00h-03FFh -ASTRCODE=00h-03FFh \
  -ASTRING=00h-0FFhx4 -ACONST=00h-0FFhx4 -AENTRY=00h-0FFhx4 \
  -ABANK0=0Ch-04Dh -ARAM=0Ch-04Dh -AABS1=0Ch-04Fh -ACOMMON=04Eh-04Fh \
  -ASFR0=00h-0Bh -ASFR1=080h-0CDh -ACONFIG=02007h-02007h -DCONFIG=2 \
  -AIDLOC=02000h-02003h -DIDLOC=2 -AEEDATA=00h-03Fh/02100h \
  -peeprom_data=EEDATA -DEEDATA=2 -DCODE=2 -DSTRCODE=2 -DSTRING=2 -DCONST=2 \
  -DENTRY=2 -preset_vec=00h,intentry,sivt,init,end_init -ppowerup=CODE \
  -pcinit=CODE -pfunctab=ENTRY -k /tmp/xcXGldOGA/driver_tmp_10.o \
  Simon_default_default.o 

Object code version is 3.11

Machine type is 16F84A



                Name                               Link     Load   Length Selector   Space Scale
/tmp/xcXGldOGA/driver_tmp_10.o
                end_init                              0        0        1        0       0
Simon_default_default.o
                cinit                               3F9      3F9        7      7F2       0
                text8                               15A      15A       13      2B4       0
                text7                               204      204       47      408       0
                text6                               293      293       4B      526       0
                text5                               16D      16D       20      2DA       0
                text4                               24B      24B       48      496       0
                text3                               18D      18D       35      31A       0
                text2                               1C2      1C2       42      384       0
                text1                               35F      35F       9A      6BE       0
                maintext                            2DE      2DE       81      5BC       0
                cstackBANK0                           C        C       20        C       1
                bssBANK0                             2C       2C        4        C       1

TOTAL           Name                               Link     Load   Length     Space
        CLASS   CODE           
                end_init                              0        0        1         0
                cinit                               3F9      3F9        7         0
                text8                               15A      15A       13         0
                text7                               204      204       47         0
                text6                               293      293       4B         0
                text5                               16D      16D       20         0
                text4                               24B      24B       48         0
                text3                               18D      18D       35         0
                text2                               1C2      1C2       42         0
                text1                               35F      35F       9A         0
                maintext                            2DE      2DE       81         0

        CLASS   STRCODE        

        CLASS   STRING         

        CLASS   CONST          

        CLASS   ENTRY          

        CLASS   BANK0          
                cstackBANK0                           C        C       20         1
                bssBANK0                             2C       2C        4         1

        CLASS   RAM            

        CLASS   ABS1           
                abs_s1                               4E       4E        2         1

        CLASS   COMMON         

        CLASS   SFR0           

        CLASS   SFR1           

        CLASS   CONFIG         

        CLASS   IDLOC          

        CLASS   EEDATA         

        CLASS   BANK1          

        CLASS   HEAP           

        CLASS   STACK          



SEGMENTS        Name                           Load    Length   Top    Selector   Space  Class     Delta

                text2                          0001C2  000042  000204       384       0  CODE        2
                text7                          000204  000047  00024B       408       0  CODE        2
                reset_vec                      000000  000001  000001         0       0  CODE        2
                text3                          00018D  000035  0001C2       31A       0  CODE        2
                text4                          00024B  000048  000293       496       0  CODE        2
                text8                          00015A  000013  00016D       2B4       0  CODE        2
                text5                          00016D  000020  00018D       2DA       0  CODE        2
                text6                          000293  00004B  0002DE       526       0  CODE        2
                cstackBANK0                    00000C  000024  000030         C       1  BANK0       1
                cinit                          0003F9  000007  000400       7F2       0  CODE        2
                maintext                       0002DE  000081  00035F       5BC       0  CODE        2
                text1                          00035F  00009A  0003F9       6BE       0  CODE        2


UNUSED ADDRESS RANGES

        Name                Unused          Largest block    Delta
        BANK0            030-04D            1E           1
        CODE             001-159           159           2
        CONFIG           2007-2007             1           2
        CONST            001-159            FF           2
        EEDATA           2100-213F            40           2
        ENTRY            001-159            FF           2
        IDLOC            2000-2003             4           2
        RAM              030-04D            1E           1
        SFR0             000-00B             C           1
        SFR1             080-0CD            4E           1
        STRCODE          001-159           159           2
        STRING           001-159            FF           2

                                  Symbol Table

?___lmul                    cstackBANK0  00C
?_rand                      cstackBANK0  019
_PORTAbits                  (abs)        005
_PORTB                      (abs)        006
_PORTBbits                  (abs)        006
_TRISA                      (abs)        085
_TRISB                      (abs)        086
__H__absolute__             __absolute__ 000
__Habs1                     abs1         000
__Hbank0                    bank0        000
__Hbank1                    bank1        000
__HbssBANK0                 bssBANK0     000
__Hcinit                    cinit        400
__Hclrtext                  clrtext      000
__Hcode                     code         000
__Hcommon                   common       000
__HcstackBANK0              cstackBANK0  000
__HcstackCOMMON             cstackCOMMON 000
__Heeprom_data              eeprom_data  000
__Hend_init                 end_init     001
__Hfunctab                  functab      000
__Hheap                     heap         000
__Hinit                     init         000
__Hintentry                 intentry     000
__Hmaintext                 maintext     000
__Hpowerup                  powerup      000
__Hram                      ram          000
__Hreset_vec                reset_vec    000
__Hsfr0                     sfr0         000
__Hsfr1                     sfr1         000
__Hsivt                     sivt         000
__Hspace_0                  (abs)        400
__Hspace_1                  (abs)        030
__Hspace_2                  (abs)        000
__Hspace_3                  (abs)        000
__Hstack                    stack        000
__Hstrings                  strings      000
__Htext                     text         000
__L__absolute__             __absolute__ 000
__Labs1                     abs1         000
__Lbank0                    bank0        000
__Lbank1                    bank1        000
__LbssBANK0                 bssBANK0     000
__Lcinit                    cinit        3F9
__Lclrtext                  clrtext      000
__Lcode                     code         000
__Lcommon                   common       000
__LcstackBANK0              cstackBANK0  000
__LcstackCOMMON             cstackCOMMON 000
__Leeprom_data              eeprom_data  000
__Lend_init                 end_init     000
__Lfunctab                  functab      000
__Lheap                     heap         000
__Linit                     init         000
__Lintentry                 intentry     000
__Lmaintext                 maintext     000
__Lpowerup                  powerup      000
__Lram                      ram          000
__Lreset_vec                reset_vec    000
__Lsfr0                     sfr0         000
__Lsfr1                     sfr1         000
__Lsivt                     sivt         000
__Lspace_0                  (abs)        000
__Lspace_1                  (abs)        000
__Lspace_2                  (abs)        000
__Lspace_3                  (abs)        000
__Lstack                    stack        000
__Lstrings                  strings      000
__Ltext                     text         000
__S0                        (abs)        400
__S1                        (abs)        030
__S3                        (abs)        000
___heap_hi                  (abs)        000
___heap_lo                  (abs)        000
___int_sp                   stack        000
___int_stack_hi             stack        000
___int_stack_lo             stack        000
___latbits                  (abs)        000
___lmul                     text7        204
___lmul@multiplicand        cstackBANK0  010
___lmul@multiplier          cstackBANK0  00C
___lmul@product             cstackBANK0  015
___sp                       stack        000
___stack_hi                 stack        000
___stack_lo                 stack        000
___stackhi                  (abs)        000
___stacklo                  (abs)        000
__end_of___lmul             text7        24B
__end_of__initialization    cinit        3FE
__end_of_gerar_sequencia    text5        18D
__end_of_limpar_vetor       text8        16D
__end_of_main               maintext     35F
__end_of_mostrar_sequencia  text4        293
__end_of_rand               text6        2DE
__end_of_to_bits            text3        1C2
__end_of_to_paralel         text2        204
__end_of_tratar_entrada     text1        3F9
__initialization            cinit        3F9
__pbssBANK0                 bssBANK0     02C
__pcstackBANK0              cstackBANK0  00C
__pcstackCOMMON             cstackCOMMON 000
__pmaintext                 maintext     2DE
__ptext1                    text1        35F
__ptext2                    text2        1C2
__ptext3                    text3        18D
__ptext4                    text4        24B
__ptext5                    text5        16D
__ptext6                    text6        293
__ptext7                    text7        204
__ptext8                    text8        15A
_gerar_sequencia            text5        16D
_limpar_vetor               text8        15A
_main                       maintext     2DE
_mostrar_sequencia          text4        24B
_rand                       text6        293
_seed                       bssBANK0     02C
_to_bits                    text3        18D
_to_paralel                 text2        1C2
_tratar_entrada             text1        35F
btemp                       (abs)        04E
end_of_initialization       cinit        3FE
gerar_sequencia@cont        cstackBANK0  023
gerar_sequencia@num         cstackBANK0  022
gerar_sequencia@sequencia   cstackBANK0  01F
gerar_sequencia@tamanho     cstackBANK0  020
intlevel0                   functab      000
intlevel1                   functab      000
intlevel2                   functab      000
intlevel3                   functab      000
intlevel4                   functab      000
intlevel5                   functab      000
limpar_vetor@cont           cstackBANK0  00F
limpar_vetor@sequencia      cstackBANK0  00C
limpar_vetor@tamanho        cstackBANK0  00D
main@nivel                  cstackBANK0  02B
main@sequencia              cstackBANK0  027
mostrar_sequencia@cont      cstackBANK0  011
mostrar_sequencia@sequencia cstackBANK0  00C
mostrar_sequencia@tamanho   cstackBANK0  00D
reset_vec                   reset_vec    000
start                       init         000
start_initialization        cinit        3F9
to_bits@nivel               cstackBANK0  00C
to_paralel@bits             cstackBANK0  00D
to_paralel@i                cstackBANK0  00E
tratar_entrada@cont         cstackBANK0  011
tratar_entrada@sequencia    cstackBANK0  00C
tratar_entrada@tamanho      cstackBANK0  00D
wtemp0                      (abs)        04E


MODULE INFORMATION

Module		Function		Class		Link	Load	Size
/home/magui/Documents/Estudo/Learn/Embarcados/PIC/PIC16F84A/Projetos/Simon/src/main.c
		_main          		CODE           	02DE	0000	129

/home/magui/Documents/Estudo/Learn/Embarcados/PIC/PIC16F84A/Projetos/Simon/src/main.c estimated size: 129

/opt/microchip/xc8/v3.00/pic/sources/c99/common/rand.c
		_rand          		CODE           	0293	0000	75

/opt/microchip/xc8/v3.00/pic/sources/c99/common/rand.c estimated size: 75

/home/magui/Documents/Estudo/Learn/Embarcados/PIC/PIC16F84A/Projetos/Simon/src/simon.c
		_mostrar_sequencia		CODE           	024B	0000	72
		_tratar_entrada		CODE           	035F	0000	154

/home/magui/Documents/Estudo/Learn/Embarcados/PIC/PIC16F84A/Projetos/Simon/src/simon.c estimated size: 226

shared
		__initialization		CODE           	03F9	0000	5

shared estimated size: 5

/home/magui/Documents/Estudo/Learn/Embarcados/PIC/PIC16F84A/Projetos/Simon/src/conversor.c
		_to_paralel    		CODE           	01C2	0000	66
		_to_bits       		CODE           	018D	0000	53

/home/magui/Documents/Estudo/Learn/Embarcados/PIC/PIC16F84A/Projetos/Simon/src/conversor.c estimated size: 119

/home/magui/Documents/Estudo/Learn/Embarcados/PIC/PIC16F84A/Projetos/Simon/src/gerardor.c
		_limpar_vetor  		CODE           	015A	0000	19
		_gerar_sequencia		CODE           	016D	0000	32

/home/magui/Documents/Estudo/Learn/Embarcados/PIC/PIC16F84A/Projetos/Simon/src/gerardor.c estimated size: 51

/opt/microchip/xc8/v3.00/pic/sources/c99/common/Umul32.c
		___lmul        		CODE           	0204	0000	71

/opt/microchip/xc8/v3.00/pic/sources/c99/common/Umul32.c estimated size: 71

